warning: 'eyeballcontroller': found 1 file(s) which are unhandled; explicitly declare them as resources or exclude from the target
    /Users/swoodtke/Projects/eyeball-display/EyeballController/Sources/EyeballApp/Info.plist
[0/1] Planning build
Building for debugging...
[0/4] Write swift-version--1AB21518FC5DEDBE.txt
[2/7] Emitting module EyeballApp
[3/7] Compiling EyeballApp ParameterView.swift
/Users/swoodtke/Projects/eyeball-display/EyeballController/Sources/EyeballApp/Views/ParameterView.swift:11:24: error: cannot find 'CBUUID' in scope
  9 |     var body: some View {
 10 |         // Device name is handled separately in the dashboard
 11 |         if entry.id == CBUUID(string: "0001") {
    |                        `- error: cannot find 'CBUUID' in scope
 12 |             EmptyView()
 13 |         } else if entry.value.count == 1 {
[4/7] Compiling EyeballApp DeviceListView.swift
/Users/swoodtke/Projects/eyeball-display/EyeballController/Sources/EyeballApp/Views/DeviceListView.swift:10:13: error: referencing initializer 'init(_:selection:rowContent:)' on 'List' requires that 'EyeballDevice' conform to 'Hashable'
 8 |     var body: some View {
 9 |         NavigationSplitView {
10 |             List(bluetooth.devices, selection: $selectedDevice) { device in
   |             `- error: referencing initializer 'init(_:selection:rowContent:)' on 'List' requires that 'EyeballDevice' conform to 'Hashable'
11 |                 DeviceRow(device: device)
12 |                     .tag(device)

SwiftUI.List:2:11: note: where 'SelectionValue' = 'EyeballDevice'
 1 | @available(iOS 13.0, macOS 10.15, tvOS 13.0, watchOS 6.0, *)
 2 | extension List {
   |           `- note: where 'SelectionValue' = 'EyeballDevice'
 3 |     @available(watchOS, unavailable)
 4 |     @MainActor @preconcurrency public init<Data, RowContent>(_ data: Data, selection: Binding<Set<SelectionValue>>?, @ViewBuilder rowContent: @escaping (Data.Element) -> RowContent) where Content == ForEach<Data, Data.Element.ID, RowContent>, Data : RandomAccessCollection, RowContent : View, Data.Element : Identifiable

/Users/swoodtke/Projects/eyeball-display/EyeballController/Sources/EyeballApp/Views/DeviceListView.swift:12:22: error: instance method 'tag(_:includeOptional:)' requires that 'EyeballDevice' conform to 'Hashable'
10 |             List(bluetooth.devices, selection: $selectedDevice) { device in
11 |                 DeviceRow(device: device)
12 |                     .tag(device)
   |                      `- error: instance method 'tag(_:includeOptional:)' requires that 'EyeballDevice' conform to 'Hashable'
13 |                     .onTapGesture(count: 2) {
14 |                         if device.isConnected {

SwiftUI.View.tag:2:25: note: where 'V' = 'EyeballDevice'
1 | protocol View {
2 | nonisolated public func tag<V>(_ tag: V, includeOptional: Bool = true) -> some View where V : Hashable
  |                         `- note: where 'V' = 'EyeballDevice'
3 |   }
4 | 
